src/app/api/ai/claude/spellcheck/route.ts(1,2): error TS1005: ';' expected.
src/app/api/ai/claude/spellcheck/route.ts(2,2): error TS1005: ';' expected.
src/app/api/ai/claude/spellcheck/route.ts(3,2): error TS1005: ';' expected.
src/app/api/ai/claude/spellcheck/route.ts(4,2): error TS1005: ';' expected.
src/app/api/ai/claude/spellcheck/route.ts(5,2): error TS1005: ';' expected.
src/app/api/ai/claude/spellcheck/route.ts(6,2): error TS1005: ';' expected.
src/app/api/ai/claude/spellcheck/route.ts(7,2): error TS1005: ';' expected.
src/app/api/ai/claude/spellcheck/route.ts(8,2): error TS1005: ';' expected.
src/app/api/ai/claude/spellcheck/route.ts(9,2): error TS1005: ';' expected.
src/app/api/ai/claude/spellcheck/route.ts(10,3): error TS1005: ';' expected.
src/app/api/ai/claude/spellcheck/route.ts(11,3): error TS1005: ';' expected.
src/app/api/ai/claude/spellcheck/route.ts(12,3): error TS1005: ';' expected.
src/app/api/ai/claude/spellcheck/route.ts(13,3): error TS1005: ';' expected.
src/app/api/ai/claude/spellcheck/route.ts(14,3): error TS1005: ';' expected.
src/app/api/ai/claude/spellcheck/route.ts(15,3): error TS1005: ';' expected.
src/app/api/ai/claude/spellcheck/route.ts(16,3): error TS1005: ';' expected.
src/app/api/ai/claude/spellcheck/route.ts(17,3): error TS1005: ';' expected.
src/app/api/ai/claude/spellcheck/route.ts(18,3): error TS1005: ';' expected.
src/app/api/ai/claude/spellcheck/route.ts(19,3): error TS1005: ';' expected.
src/app/api/ai/claude/spellcheck/route.ts(20,3): error TS1005: ';' expected.
src/app/api/ai/claude/spellcheck/route.ts(20,11): error TS1128: Declaration or statement expected.
src/app/api/ai/claude/spellcheck/route.ts(21,3): error TS1005: ';' expected.
src/app/api/ai/claude/spellcheck/route.ts(21,11): error TS1128: Declaration or statement expected.
src/app/api/ai/claude/spellcheck/route.ts(22,3): error TS1005: ';' expected.
src/app/api/ai/claude/spellcheck/route.ts(23,3): error TS1005: ';' expected.
src/app/api/ai/claude/spellcheck/route.ts(48,3): error TS1005: ';' expected.
src/app/api/ai/claude/spellcheck/route.ts(49,3): error TS1005: ';' expected.
src/app/api/ai/claude/spellcheck/route.ts(50,16): error TS1005: ',' expected.
src/app/api/ai/claude/spellcheck/route.ts(50,46): error TS1005: ':' expected.
src/app/api/ai/claude/spellcheck/route.ts(51,21): error TS1005: ',' expected.
src/app/api/ai/claude/spellcheck/route.ts(51,27): error TS1005: ':' expected.
src/app/api/ai/claude/spellcheck/route.ts(52,22): error TS1005: ',' expected.
src/app/api/ai/claude/spellcheck/route.ts(52,25): error TS1005: ':' expected.
src/app/api/ai/claude/spellcheck/route.ts(53,17): error TS1005: ',' expected.
src/app/api/ai/claude/spellcheck/route.ts(54,3): error TS1005: ']' expected.
src/app/api/ai/claude/spellcheck/route.ts(55,19): error TS1005: ',' expected.
src/app/api/ai/claude/spellcheck/route.ts(55,28): error TS1005: ':' expected.
src/app/api/ai/claude/spellcheck/route.ts(55,31): error TS1005: ',' expected.
src/app/api/ai/claude/spellcheck/route.ts(55,36): error TS1005: ':' expected.
src/app/api/ai/claude/spellcheck/route.ts(56,19): error TS1005: ',' expected.
src/app/api/ai/claude/spellcheck/route.ts(56,91): error TS1005: ':' expected.
src/app/api/ai/claude/spellcheck/route.ts(58,3): error TS1005: ',' expected.
src/app/api/ai/claude/spellcheck/route.ts(59,1): error TS1005: ',' expected.
src/app/api/ai/claude/spellcheck/route.ts(59,13): error TS1109: Expression expected.
src/app/api/ai/claude/spellcheck/route.ts(60,1): error TS1005: ',' expected.
src/app/api/ai/claude/spellcheck/route.ts(60,11): error TS1109: Expression expected.
src/app/api/ai/claude/spellcheck/route.ts(60,12): error TS1136: Property assignment expected.
src/app/api/ai/claude/spellcheck/route.ts(61,19): error TS1005: ',' expected.
src/app/api/ai/claude/spellcheck/route.ts(62,3): error TS1005: ']' expected.
src/app/api/ai/claude/spellcheck/route.ts(63,1): error TS1005: ',' expected.
src/app/api/ai/claude/spellcheck/route.ts(63,11): error TS1109: Expression expected.
src/app/api/ai/claude/spellcheck/route.ts(64,9): error TS1109: Expression expected.
src/app/api/ai/claude/spellcheck/route.ts(65,3): error TS1005: ';' expected.
src/app/api/ai/claude/spellcheck/route.ts(66,3): error TS1005: ';' expected.
src/app/api/ai/claude/spellcheck/route.ts(67,3): error TS1005: ';' expected.
src/app/api/ai/claude/spellcheck/route.ts(68,3): error TS1005: ';' expected.
src/app/api/ai/claude/spellcheck/route.ts(69,3): error TS1005: ';' expected.
src/app/api/ai/claude/spellcheck/route.ts(70,3): error TS1005: ';' expected.
src/app/api/ai/claude/spellcheck/route.ts(71,3): error TS1005: ';' expected.
src/app/api/ai/claude/spellcheck/route.ts(72,3): error TS1005: ';' expected.
src/app/api/ai/claude/spellcheck/route.ts(73,3): error TS1005: ';' expected.
src/app/api/ai/claude/spellcheck/route.ts(74,3): error TS1005: ';' expected.
src/app/api/ai/claude/spellcheck/route.ts(75,3): error TS1005: ';' expected.
src/app/api/ai/claude/spellcheck/route.ts(75,13): error TS1128: Declaration or statement expected.
src/app/api/ai/claude/spellcheck/route.ts(76,3): error TS1005: ';' expected.
src/app/api/ai/claude/spellcheck/route.ts(76,13): error TS1128: Declaration or statement expected.
src/app/api/ai/claude/spellcheck/route.ts(77,3): error TS1005: ';' expected.
src/app/api/ai/claude/spellcheck/route.ts(77,13): error TS1128: Declaration or statement expected.
src/app/api/ai/claude/spellcheck/route.ts(78,3): error TS1005: ';' expected.
src/app/api/ai/claude/spellcheck/route.ts(79,3): error TS1005: ';' expected.
src/app/api/ai/claude/spellcheck/route.ts(80,3): error TS1005: ';' expected.
src/app/api/ai/claude/spellcheck/route.ts(81,3): error TS1005: ';' expected.
src/app/api/ai/claude/spellcheck/route.ts(82,3): error TS1005: ';' expected.
src/app/api/ai/claude/spellcheck/route.ts(83,3): error TS1005: ';' expected.
src/app/api/ai/claude/spellcheck/route.ts(84,3): error TS1005: ';' expected.
src/app/api/ai/claude/spellcheck/route.ts(85,3): error TS1005: ';' expected.
src/app/api/ai/claude/spellcheck/route.ts(86,22): error TS1005: ',' expected.
src/app/api/ai/claude/spellcheck/route.ts(86,61): error TS1005: ':' expected.
src/app/api/ai/claude/spellcheck/route.ts(87,24): error TS1005: ',' expected.
src/app/api/ai/claude/spellcheck/route.ts(87,27): error TS1109: Expression expected.
src/app/api/ai/claude/spellcheck/route.ts(88,1): error TS1005: ':' expected.
src/app/api/ai/claude/spellcheck/route.ts(88,3): error TS1005: ',' expected.
src/app/api/ai/claude/spellcheck/route.ts(89,3): error TS1005: ';' expected.
src/app/api/ai/claude/spellcheck/route.ts(90,3): error TS1005: ';' expected.
src/app/api/ai/claude/spellcheck/route.ts(91,3): error TS1005: ';' expected.
src/app/api/ai/claude/spellcheck/route.ts(92,20): error TS1005: ',' expected.
src/app/api/ai/claude/spellcheck/route.ts(92,58): error TS1005: ':' expected.
src/app/api/ai/claude/spellcheck/route.ts(93,22): error TS1005: ',' expected.
src/app/api/ai/claude/spellcheck/route.ts(93,25): error TS1109: Expression expected.
src/app/api/ai/claude/spellcheck/route.ts(94,1): error TS1005: ':' expected.
src/app/api/ai/claude/spellcheck/route.ts(94,3): error TS1005: ',' expected.
src/app/api/ai/claude/spellcheck/route.ts(95,3): error TS1005: ';' expected.
src/app/api/ai/claude/spellcheck/route.ts(96,3): error TS1005: ';' expected.
src/app/api/ai/claude/spellcheck/route.ts(97,3): error TS1005: ';' expected.
src/app/api/ai/claude/spellcheck/route.ts(98,3): error TS1005: ';' expected.
src/app/api/ai/claude/spellcheck/route.ts(99,3): error TS1005: ';' expected.
src/app/api/ai/claude/spellcheck/route.ts(100,4): error TS1005: ';' expected.
src/app/api/ai/claude/spellcheck/route.ts(101,4): error TS1005: ';' expected.
src/app/api/ai/claude/spellcheck/route.ts(102,4): error TS1005: ';' expected.
src/app/api/ai/claude/spellcheck/route.ts(103,4): error TS1005: ';' expected.
src/app/api/ai/claude/spellcheck/route.ts(104,4): error TS1005: ';' expected.
src/app/api/ai/claude/spellcheck/route.ts(105,4): error TS1005: ';' expected.
src/app/api/ai/claude/spellcheck/route.ts(106,4): error TS1005: ';' expected.
src/app/api/ai/claude/spellcheck/route.ts(107,4): error TS1005: ',' expected.
src/app/api/ai/claude/spellcheck/route.ts(108,4): error TS1005: ',' expected.
src/app/api/ai/claude/spellcheck/route.ts(109,4): error TS1005: ',' expected.
src/app/api/ai/claude/spellcheck/route.ts(110,1): error TS1005: ',' expected.
src/app/api/ai/claude/spellcheck/route.ts(110,4): error TS1005: ',' expected.
src/app/api/ai/claude/spellcheck/route.ts(111,4): error TS1005: ';' expected.
src/app/api/ai/claude/spellcheck/route.ts(112,4): error TS1005: ';' expected.
src/app/api/ai/claude/spellcheck/route.ts(113,4): error TS1005: ';' expected.
src/app/api/ai/claude/spellcheck/route.ts(114,4): error TS1005: ';' expected.
src/app/api/ai/claude/spellcheck/route.ts(115,4): error TS1005: ';' expected.
src/app/api/ai/claude/spellcheck/route.ts(116,4): error TS1005: ';' expected.
src/app/api/ai/claude/spellcheck/route.ts(117,17): error TS1005: ',' expected.
src/app/api/ai/claude/spellcheck/route.ts(117,29): error TS1005: ',' expected.
src/app/api/ai/claude/spellcheck/route.ts(117,39): error TS1005: ',' expected.
src/app/api/ai/claude/spellcheck/route.ts(118,4): error TS1005: ';' expected.
src/app/api/ai/claude/spellcheck/route.ts(119,4): error TS1005: ';' expected.
src/app/api/ai/claude/spellcheck/route.ts(119,11): error TS1128: Declaration or statement expected.
src/app/api/ai/claude/spellcheck/route.ts(120,4): error TS1005: ';' expected.
src/app/api/ai/claude/spellcheck/route.ts(121,4): error TS1005: ';' expected.
src/app/api/ai/claude/spellcheck/route.ts(121,6): error TS1128: Declaration or statement expected.
